// Jest Snapshot v1, https://goo.gl/fbAQLP

exports[`Renders succesfully 1`] = `
<h1>
  Hello world
</h1>
`;
